// Jest Snapshot v1, https://goo.gl/fbAQLP

exports[`@psenger/markdown-fences #injectCodeFencePosts Testing failed directory with language called out 1`] = `
"# Start

<!--START_CODE_FENCE_SECTION:javascript:file:/foo.js-->
<!--END_CODE_FENCE_SECTION:javascript:file:/foo.js-->

## End
"
`;

exports[`@psenger/markdown-fences #injectCodeFencePosts Testing failed directory without language called out 1`] = `
"# Start

<!--START_CODE_FENCE_SECTION:file:/foo.js-->
<!--END_CODE_FENCE_SECTION:file:/foo.js-->

## End
"
`;

exports[`@psenger/markdown-fences #injectCodeFencePosts Testing full directory with language called out 1`] = `
"# Start

<!--START_CODE_FENCE_SECTION:javascript:file:/foo.js-->
\`\`\`javascript
/**
 * @typedef boom
 * @property {String} namnam - nom nom
 * @property {String[]} keys - the keys
 */

/**
 * A class with secrets
 * @class
 */
class AClassWithSecrets {
  name
  constructor (options = { name: 'unknown' }) {
    this._name = options.name || 'unknown'
  }

  get name () {
    return this._name
  }

  set name (value) {
    this._name = value
  }
}

/**
 * Foo test
 * @type {{boo: exports.boo, foo: exports.foo}}
 */
module.exports = {
  /**
   * foo test
   * @param {String} st - something
   * @param {boolean} end - more of something
   * @return {Promise<boolean>}
   */
  foo: async function (st,end){
    return Promise.resolve(true)
  },
  /**
   * boo test
   * @param {String} [st] - something
   * @param {boolean} [end=false] - more something
   * @return {boom}
   */
  boo: function (st,end){
    return { namnam: 'xxx', keys: ['a'] }
  },
  /**
   * return a class.
   */
  aClass: AClassWithSecrets
}

\`\`\`
<!--END_CODE_FENCE_SECTION:javascript:file:/foo.js-->

## End
"
`;

exports[`@psenger/markdown-fences #injectCodeFencePosts Testing full directory without language called out 1`] = `
"# Start

<!--START_CODE_FENCE_SECTION:file:/foo.js-->
\`\`\`
/**
 * @typedef boom
 * @property {String} namnam - nom nom
 * @property {String[]} keys - the keys
 */

/**
 * A class with secrets
 * @class
 */
class AClassWithSecrets {
  name
  constructor (options = { name: 'unknown' }) {
    this._name = options.name || 'unknown'
  }

  get name () {
    return this._name
  }

  set name (value) {
    this._name = value
  }
}

/**
 * Foo test
 * @type {{boo: exports.boo, foo: exports.foo}}
 */
module.exports = {
  /**
   * foo test
   * @param {String} st - something
   * @param {boolean} end - more of something
   * @return {Promise<boolean>}
   */
  foo: async function (st,end){
    return Promise.resolve(true)
  },
  /**
   * boo test
   * @param {String} [st] - something
   * @param {boolean} [end=false] - more something
   * @return {boom}
   */
  boo: function (st,end){
    return { namnam: 'xxx', keys: ['a'] }
  },
  /**
   * return a class.
   */
  aClass: AClassWithSecrets
}

\`\`\`
<!--END_CODE_FENCE_SECTION:file:/foo.js-->

## End
"
`;

exports[`@psenger/markdown-fences #injectFileFencePosts Testing failed directory 1`] = `
"# Start

<!--START_SECTION:file:sample.md-->
<!--END_SECTION:file:sample.md-->

## End
"
`;

exports[`@psenger/markdown-fences #injectFileFencePosts Testing full directory 1`] = `
"# Start

<!--START_SECTION:file:sample.md-->
# Sample File

## First Heading

Lorem ipsum dolor sit amet, consectetur adipiscing elit. Pellentesque metus massa, ultrices nec nulla in, commodo feugiat quam. Etiam semper semper nisi at ultrices. Vestibulum blandit enim vitae ex consectetur, eu dignissim lorem vulputate. In sit amet dictum metus, in sollicitudin mi. Phasellus finibus velit sapien, at fringilla odio vehicula eget. Proin venenatis bibendum dictum. Ut iaculis nulla ac neque molestie, eget semper lorem molestie. Maecenas interdum arcu eu diam vehicula elementum. Etiam iaculis erat at nulla fringilla, non ullamcorper libero lobortis. Suspendisse potenti. Ut vitae elementum diam. Aliquam nec mauris iaculis, placerat ligula ut, dapibus justo. Nulla sodales urna vel est eleifend interdum. Sed vulputate, justo sit amet facilisis tristique, dolor tellus tincidunt nibh, sit amet aliquet turpis risus quis est.

Sed ut ante malesuada, varius velit dignissim, suscipit neque. Nullam id nulla a velit iaculis lobortis. Nam finibus diam libero, eget blandit augue lacinia at. Etiam cursus ut nibh vel dignissim. Praesent consectetur in enim eu vestibulum. Ut vestibulum pellentesque quam non pulvinar. Mauris hendrerit molestie lacinia. Sed elementum tortor suscipit, pharetra nisl at, pellentesque purus.

Fusce sagittis sem sit amet nunc condimentum pharetra. Cras in enim commodo, pretium neque a, scelerisque elit. Etiam et feugiat lorem. Maecenas tempus, eros vel cursus commodo, neque erat placerat nisl, nec scelerisque ipsum urna ac ante. In purus odio, feugiat quis vestibulum at, tempor nec neque. Quisque laoreet sapien in ex malesuada porttitor eu ut nisl. Etiam hendrerit elementum bibendum. Aliquam pharetra feugiat porttitor. Aliquam convallis dolor eu porta pellentesque. Proin ultricies tempor ex, ac convallis est ornare et. Donec sodales, ex nec sodales rhoncus, nunc metus facilisis massa, sit amet dapibus eros neque eget dolor. Nunc dignissim nulla ex, et luctus ante semper sit amet. Aenean id felis porta, facilisis arcu id, malesuada ex. Aenean scelerisque magna vitae posuere consectetur.

Curabitur at euismod nunc. Praesent sagittis lorem quis rutrum ornare. Vivamus ut viverra ligula. Aenean porta, lectus non pretium aliquam, leo ante varius quam, a sodales lectus urna ut tellus. In id nulla libero. Maecenas ut tempor justo. Integer diam erat, consectetur tempor dictum sed, lacinia ac elit. Vestibulum porta nulla odio, in vestibulum quam volutpat quis.

Nunc pulvinar odio in sapien molestie, quis elementum dolor porta. Nunc dapibus rutrum eros, ac varius elit rutrum ac. Cras et facilisis nunc, et consequat risus. Vivamus id maximus quam, et lacinia magna. In aliquet auctor sem. Duis finibus nisi ligula, vel tempor magna vehicula at. In neque tellus, ornare quis augue sit amet, luctus malesuada metus.

## Second Heading

<!--START_SECTION:jsdoc-->
<!--END_SECTION:jsdoc-->

## Third Heading

Lorem ipsum dolor sit amet, consectetur adipiscing elit. Pellentesque metus massa, ultrices nec nulla in, commodo feugiat quam. Etiam semper semper nisi at ultrices. Vestibulum blandit enim vitae ex consectetur, eu dignissim lorem vulputate. In sit amet dictum metus, in sollicitudin mi. Phasellus finibus velit sapien, at fringilla odio vehicula eget. Proin venenatis bibendum dictum. Ut iaculis nulla ac neque molestie, eget semper lorem molestie. Maecenas interdum arcu eu diam vehicula elementum. Etiam iaculis erat at nulla fringilla, non ullamcorper libero lobortis. Suspendisse potenti. Ut vitae elementum diam. Aliquam nec mauris iaculis, placerat ligula ut, dapibus justo. Nulla sodales urna vel est eleifend interdum. Sed vulputate, justo sit amet facilisis tristique, dolor tellus tincidunt nibh, sit amet aliquet turpis risus quis est.

Sed ut ante malesuada, varius velit dignissim, suscipit neque. Nullam id nulla a velit iaculis lobortis. Nam finibus diam libero, eget blandit augue lacinia at. Etiam cursus ut nibh vel dignissim. Praesent consectetur in enim eu vestibulum. Ut vestibulum pellentesque quam non pulvinar. Mauris hendrerit molestie lacinia. Sed elementum tortor suscipit, pharetra nisl at, pellentesque purus.

Fusce sagittis sem sit amet nunc condimentum pharetra. Cras in enim commodo, pretium neque a, scelerisque elit. Etiam et feugiat lorem. Maecenas tempus, eros vel cursus commodo, neque erat placerat nisl, nec scelerisque ipsum urna ac ante. In purus odio, feugiat quis vestibulum at, tempor nec neque. Quisque laoreet sapien in ex malesuada porttitor eu ut nisl. Etiam hendrerit elementum bibendum. Aliquam pharetra feugiat porttitor. Aliquam convallis dolor eu porta pellentesque. Proin ultricies tempor ex, ac convallis est ornare et. Donec sodales, ex nec sodales rhoncus, nunc metus facilisis massa, sit amet dapibus eros neque eget dolor. Nunc dignissim nulla ex, et luctus ante semper sit amet. Aenean id felis porta, facilisis arcu id, malesuada ex. Aenean scelerisque magna vitae posuere consectetur.

Curabitur at euismod nunc. Praesent sagittis lorem quis rutrum ornare. Vivamus ut viverra ligula. Aenean porta, lectus non pretium aliquam, leo ante varius quam, a sodales lectus urna ut tellus. In id nulla libero. Maecenas ut tempor justo. Integer diam erat, consectetur tempor dictum sed, lacinia ac elit. Vestibulum porta nulla odio, in vestibulum quam volutpat quis.

Nunc pulvinar odio in sapien molestie, quis elementum dolor porta. Nunc dapibus rutrum eros, ac varius elit rutrum ac. Cras et facilisis nunc, et consequat risus. Vivamus id maximus quam, et lacinia magna. In aliquet auctor sem. Duis finibus nisi ligula, vel tempor magna vehicula at. In neque tellus, ornare quis augue sit amet, luctus malesuada metus.


## Fourth Heading

<!--START_SECTION:deep1/deep2/insert.md-->
<!--END_SECTION:deep1/deep2/insert.md-->

## Third Heading

Lorem ipsum dolor sit amet, consectetur adipiscing elit. Pellentesque metus massa, ultrices nec nulla in, commodo feugiat quam. Etiam semper semper nisi at ultrices. Vestibulum blandit enim vitae ex consectetur, eu dignissim lorem vulputate. In sit amet dictum metus, in sollicitudin mi. Phasellus finibus velit sapien, at fringilla odio vehicula eget. Proin venenatis bibendum dictum. Ut iaculis nulla ac neque molestie, eget semper lorem molestie. Maecenas interdum arcu eu diam vehicula elementum. Etiam iaculis erat at nulla fringilla, non ullamcorper libero lobortis. Suspendisse potenti. Ut vitae elementum diam. Aliquam nec mauris iaculis, placerat ligula ut, dapibus justo. Nulla sodales urna vel est eleifend interdum. Sed vulputate, justo sit amet facilisis tristique, dolor tellus tincidunt nibh, sit amet aliquet turpis risus quis est.

Sed ut ante malesuada, varius velit dignissim, suscipit neque. Nullam id nulla a velit iaculis lobortis. Nam finibus diam libero, eget blandit augue lacinia at. Etiam cursus ut nibh vel dignissim. Praesent consectetur in enim eu vestibulum. Ut vestibulum pellentesque quam non pulvinar. Mauris hendrerit molestie lacinia. Sed elementum tortor suscipit, pharetra nisl at, pellentesque purus.

Fusce sagittis sem sit amet nunc condimentum pharetra. Cras in enim commodo, pretium neque a, scelerisque elit. Etiam et feugiat lorem. Maecenas tempus, eros vel cursus commodo, neque erat placerat nisl, nec scelerisque ipsum urna ac ante. In purus odio, feugiat quis vestibulum at, tempor nec neque. Quisque laoreet sapien in ex malesuada porttitor eu ut nisl. Etiam hendrerit elementum bibendum. Aliquam pharetra feugiat porttitor. Aliquam convallis dolor eu porta pellentesque. Proin ultricies tempor ex, ac convallis est ornare et. Donec sodales, ex nec sodales rhoncus, nunc metus facilisis massa, sit amet dapibus eros neque eget dolor. Nunc dignissim nulla ex, et luctus ante semper sit amet. Aenean id felis porta, facilisis arcu id, malesuada ex. Aenean scelerisque magna vitae posuere consectetur.

Curabitur at euismod nunc. Praesent sagittis lorem quis rutrum ornare. Vivamus ut viverra ligula. Aenean porta, lectus non pretium aliquam, leo ante varius quam, a sodales lectus urna ut tellus. In id nulla libero. Maecenas ut tempor justo. Integer diam erat, consectetur tempor dictum sed, lacinia ac elit. Vestibulum porta nulla odio, in vestibulum quam volutpat quis.

Nunc pulvinar odio in sapien molestie, quis elementum dolor porta. Nunc dapibus rutrum eros, ac varius elit rutrum ac. Cras et facilisis nunc, et consequat risus. Vivamus id maximus quam, et lacinia magna. In aliquet auctor sem. Duis finibus nisi ligula, vel tempor magna vehicula at. In neque tellus, ornare quis augue sit amet, luctus malesuada metus.


<!--END_SECTION:file:sample.md-->

## End
"
`;

exports[`@psenger/markdown-fences #injectJsDoc replace the tags 1`] = `
"# Start

<!--START_SECTION:jsdoc-->
## API

## Classes

<table>
  <thead>
    <tr>
      <th>Global</th><th>Description</th>
    </tr>
  </thead>
  <tbody>
<tr>
    <td><a href="#AClassWithSecrets">AClassWithSecrets</a></td>
    <td><p>A class with secrets</p>
</td>
    </tr>
</tbody>
</table>

## Typedefs

<table>
  <thead>
    <tr>
      <th>Global</th><th>Description</th>
    </tr>
  </thead>
  <tbody>
<tr>
    <td><a href="#boom">boom</a></td>
    <td></td>
    </tr>
</tbody>
</table>

<a name="AClassWithSecrets"></a>

## AClassWithSecrets
A class with secrets

**Kind**: global class  
<a name="boom"></a>

## boom
**Kind**: global typedef  
**Properties**

| Name | Type | Description |
| --- | --- | --- |
| namnam | <code>String</code> | nom nom |
| keys | <code>Array.&lt;String&gt;</code> | the keys |


<!--END_SECTION:jsdoc-->

## End"
`;

exports[`@psenger/markdown-fences #injectJsDoc replace the tags when multiple patterns are supplied 1`] = `
"# Start

<!--START_SECTION:jsdoc-->
## API

## Members

<table>
  <thead>
    <tr>
      <th>Global</th><th>Description</th>
    </tr>
  </thead>
  <tbody>
<tr>
    <td><a href="#visible">visible</a></td>
    <td><p>a visible global</p>
</td>
    </tr>
</tbody>
</table>

## Functions

<table>
  <thead>
    <tr>
      <th>Global</th><th>Description</th>
    </tr>
  </thead>
  <tbody>
<tr>
    <td><a href="#funcA">funcA(one, two)</a></td>
    <td></td>
    </tr>
<tr>
    <td><a href="#funcB">funcB(one, two)</a></td>
    <td></td>
    </tr>
</tbody>
</table>

<a name="visible"></a>

## visible
a visible global

**Kind**: global variable  
<a name="funcA"></a>

## funcA(one, two)
**Kind**: global function  

| Param | Type |
| --- | --- |
| one | <code>string</code> | 
| two | <code>number</code> | 

<a name="funcB"></a>

## funcB(one, two)
**Kind**: global function  

| Param | Type |
| --- | --- |
| one | <code>string</code> | 
| two | <code>number</code> | 


<!--END_SECTION:jsdoc-->

## End"
`;

exports[`@psenger/markdown-fences #injectJsDoc should skip the block 1`] = `
"# Start

<!--START_SECTION:deep1/deep2/insert.md-->
<!--END_SECTION:deep1/deep2/insert.md-->

## End"
`;

exports[`@psenger/markdown-fences #readContents should read the file sample.md from the test harness directory 1`] = `
"# Sample File

## First Heading

Lorem ipsum dolor sit amet, consectetur adipiscing elit. Pellentesque metus massa, ultrices nec nulla in, commodo feugiat quam. Etiam semper semper nisi at ultrices. Vestibulum blandit enim vitae ex consectetur, eu dignissim lorem vulputate. In sit amet dictum metus, in sollicitudin mi. Phasellus finibus velit sapien, at fringilla odio vehicula eget. Proin venenatis bibendum dictum. Ut iaculis nulla ac neque molestie, eget semper lorem molestie. Maecenas interdum arcu eu diam vehicula elementum. Etiam iaculis erat at nulla fringilla, non ullamcorper libero lobortis. Suspendisse potenti. Ut vitae elementum diam. Aliquam nec mauris iaculis, placerat ligula ut, dapibus justo. Nulla sodales urna vel est eleifend interdum. Sed vulputate, justo sit amet facilisis tristique, dolor tellus tincidunt nibh, sit amet aliquet turpis risus quis est.

Sed ut ante malesuada, varius velit dignissim, suscipit neque. Nullam id nulla a velit iaculis lobortis. Nam finibus diam libero, eget blandit augue lacinia at. Etiam cursus ut nibh vel dignissim. Praesent consectetur in enim eu vestibulum. Ut vestibulum pellentesque quam non pulvinar. Mauris hendrerit molestie lacinia. Sed elementum tortor suscipit, pharetra nisl at, pellentesque purus.

Fusce sagittis sem sit amet nunc condimentum pharetra. Cras in enim commodo, pretium neque a, scelerisque elit. Etiam et feugiat lorem. Maecenas tempus, eros vel cursus commodo, neque erat placerat nisl, nec scelerisque ipsum urna ac ante. In purus odio, feugiat quis vestibulum at, tempor nec neque. Quisque laoreet sapien in ex malesuada porttitor eu ut nisl. Etiam hendrerit elementum bibendum. Aliquam pharetra feugiat porttitor. Aliquam convallis dolor eu porta pellentesque. Proin ultricies tempor ex, ac convallis est ornare et. Donec sodales, ex nec sodales rhoncus, nunc metus facilisis massa, sit amet dapibus eros neque eget dolor. Nunc dignissim nulla ex, et luctus ante semper sit amet. Aenean id felis porta, facilisis arcu id, malesuada ex. Aenean scelerisque magna vitae posuere consectetur.

Curabitur at euismod nunc. Praesent sagittis lorem quis rutrum ornare. Vivamus ut viverra ligula. Aenean porta, lectus non pretium aliquam, leo ante varius quam, a sodales lectus urna ut tellus. In id nulla libero. Maecenas ut tempor justo. Integer diam erat, consectetur tempor dictum sed, lacinia ac elit. Vestibulum porta nulla odio, in vestibulum quam volutpat quis.

Nunc pulvinar odio in sapien molestie, quis elementum dolor porta. Nunc dapibus rutrum eros, ac varius elit rutrum ac. Cras et facilisis nunc, et consequat risus. Vivamus id maximus quam, et lacinia magna. In aliquet auctor sem. Duis finibus nisi ligula, vel tempor magna vehicula at. In neque tellus, ornare quis augue sit amet, luctus malesuada metus.

## Second Heading

<!--START_SECTION:jsdoc-->
<!--END_SECTION:jsdoc-->

## Third Heading

Lorem ipsum dolor sit amet, consectetur adipiscing elit. Pellentesque metus massa, ultrices nec nulla in, commodo feugiat quam. Etiam semper semper nisi at ultrices. Vestibulum blandit enim vitae ex consectetur, eu dignissim lorem vulputate. In sit amet dictum metus, in sollicitudin mi. Phasellus finibus velit sapien, at fringilla odio vehicula eget. Proin venenatis bibendum dictum. Ut iaculis nulla ac neque molestie, eget semper lorem molestie. Maecenas interdum arcu eu diam vehicula elementum. Etiam iaculis erat at nulla fringilla, non ullamcorper libero lobortis. Suspendisse potenti. Ut vitae elementum diam. Aliquam nec mauris iaculis, placerat ligula ut, dapibus justo. Nulla sodales urna vel est eleifend interdum. Sed vulputate, justo sit amet facilisis tristique, dolor tellus tincidunt nibh, sit amet aliquet turpis risus quis est.

Sed ut ante malesuada, varius velit dignissim, suscipit neque. Nullam id nulla a velit iaculis lobortis. Nam finibus diam libero, eget blandit augue lacinia at. Etiam cursus ut nibh vel dignissim. Praesent consectetur in enim eu vestibulum. Ut vestibulum pellentesque quam non pulvinar. Mauris hendrerit molestie lacinia. Sed elementum tortor suscipit, pharetra nisl at, pellentesque purus.

Fusce sagittis sem sit amet nunc condimentum pharetra. Cras in enim commodo, pretium neque a, scelerisque elit. Etiam et feugiat lorem. Maecenas tempus, eros vel cursus commodo, neque erat placerat nisl, nec scelerisque ipsum urna ac ante. In purus odio, feugiat quis vestibulum at, tempor nec neque. Quisque laoreet sapien in ex malesuada porttitor eu ut nisl. Etiam hendrerit elementum bibendum. Aliquam pharetra feugiat porttitor. Aliquam convallis dolor eu porta pellentesque. Proin ultricies tempor ex, ac convallis est ornare et. Donec sodales, ex nec sodales rhoncus, nunc metus facilisis massa, sit amet dapibus eros neque eget dolor. Nunc dignissim nulla ex, et luctus ante semper sit amet. Aenean id felis porta, facilisis arcu id, malesuada ex. Aenean scelerisque magna vitae posuere consectetur.

Curabitur at euismod nunc. Praesent sagittis lorem quis rutrum ornare. Vivamus ut viverra ligula. Aenean porta, lectus non pretium aliquam, leo ante varius quam, a sodales lectus urna ut tellus. In id nulla libero. Maecenas ut tempor justo. Integer diam erat, consectetur tempor dictum sed, lacinia ac elit. Vestibulum porta nulla odio, in vestibulum quam volutpat quis.

Nunc pulvinar odio in sapien molestie, quis elementum dolor porta. Nunc dapibus rutrum eros, ac varius elit rutrum ac. Cras et facilisis nunc, et consequat risus. Vivamus id maximus quam, et lacinia magna. In aliquet auctor sem. Duis finibus nisi ligula, vel tempor magna vehicula at. In neque tellus, ornare quis augue sit amet, luctus malesuada metus.


## Fourth Heading

<!--START_SECTION:deep1/deep2/insert.md-->
<!--END_SECTION:deep1/deep2/insert.md-->

## Third Heading

Lorem ipsum dolor sit amet, consectetur adipiscing elit. Pellentesque metus massa, ultrices nec nulla in, commodo feugiat quam. Etiam semper semper nisi at ultrices. Vestibulum blandit enim vitae ex consectetur, eu dignissim lorem vulputate. In sit amet dictum metus, in sollicitudin mi. Phasellus finibus velit sapien, at fringilla odio vehicula eget. Proin venenatis bibendum dictum. Ut iaculis nulla ac neque molestie, eget semper lorem molestie. Maecenas interdum arcu eu diam vehicula elementum. Etiam iaculis erat at nulla fringilla, non ullamcorper libero lobortis. Suspendisse potenti. Ut vitae elementum diam. Aliquam nec mauris iaculis, placerat ligula ut, dapibus justo. Nulla sodales urna vel est eleifend interdum. Sed vulputate, justo sit amet facilisis tristique, dolor tellus tincidunt nibh, sit amet aliquet turpis risus quis est.

Sed ut ante malesuada, varius velit dignissim, suscipit neque. Nullam id nulla a velit iaculis lobortis. Nam finibus diam libero, eget blandit augue lacinia at. Etiam cursus ut nibh vel dignissim. Praesent consectetur in enim eu vestibulum. Ut vestibulum pellentesque quam non pulvinar. Mauris hendrerit molestie lacinia. Sed elementum tortor suscipit, pharetra nisl at, pellentesque purus.

Fusce sagittis sem sit amet nunc condimentum pharetra. Cras in enim commodo, pretium neque a, scelerisque elit. Etiam et feugiat lorem. Maecenas tempus, eros vel cursus commodo, neque erat placerat nisl, nec scelerisque ipsum urna ac ante. In purus odio, feugiat quis vestibulum at, tempor nec neque. Quisque laoreet sapien in ex malesuada porttitor eu ut nisl. Etiam hendrerit elementum bibendum. Aliquam pharetra feugiat porttitor. Aliquam convallis dolor eu porta pellentesque. Proin ultricies tempor ex, ac convallis est ornare et. Donec sodales, ex nec sodales rhoncus, nunc metus facilisis massa, sit amet dapibus eros neque eget dolor. Nunc dignissim nulla ex, et luctus ante semper sit amet. Aenean id felis porta, facilisis arcu id, malesuada ex. Aenean scelerisque magna vitae posuere consectetur.

Curabitur at euismod nunc. Praesent sagittis lorem quis rutrum ornare. Vivamus ut viverra ligula. Aenean porta, lectus non pretium aliquam, leo ante varius quam, a sodales lectus urna ut tellus. In id nulla libero. Maecenas ut tempor justo. Integer diam erat, consectetur tempor dictum sed, lacinia ac elit. Vestibulum porta nulla odio, in vestibulum quam volutpat quis.

Nunc pulvinar odio in sapien molestie, quis elementum dolor porta. Nunc dapibus rutrum eros, ac varius elit rutrum ac. Cras et facilisis nunc, et consequat risus. Vivamus id maximus quam, et lacinia magna. In aliquet auctor sem. Duis finibus nisi ligula, vel tempor magna vehicula at. In neque tellus, ornare quis augue sit amet, luctus malesuada metus.

"
`;

exports[`@psenger/markdown-fences generateMarkDownFile full integration test 1`] = `
"# Test

<!--START_SECTION:jsdoc-->
## API

## Classes

<table>
  <thead>
    <tr>
      <th>Global</th><th>Description</th>
    </tr>
  </thead>
  <tbody>
<tr>
    <td><a href="#AClassWithSecrets">AClassWithSecrets</a></td>
    <td><p>A class with secrets</p>
</td>
    </tr>
</tbody>
</table>

## Typedefs

<table>
  <thead>
    <tr>
      <th>Global</th><th>Description</th>
    </tr>
  </thead>
  <tbody>
<tr>
    <td><a href="#boom">boom</a></td>
    <td></td>
    </tr>
</tbody>
</table>

<a name="AClassWithSecrets"></a>

## AClassWithSecrets
A class with secrets

**Kind**: global class  
<a name="boom"></a>

## boom
**Kind**: global typedef  
**Properties**

| Name | Type | Description |
| --- | --- | --- |
| namnam | <code>String</code> | nom nom |
| keys | <code>Array.&lt;String&gt;</code> | the keys |


<!--END_SECTION:jsdoc-->

<!--START_SECTION:file:INSTALL.md-->
## Install

\`\`\`javascript
const hello = 'hi';
\`\`\`

<!--END_SECTION:file:INSTALL.md-->

--fini--
"
`;

exports[`@psenger/markdown-fences injectToc replace the tags 1`] = `
"# Start

<!--START_SECTION:toc-->

## Table of contents
- [Start](#start)
  * [Level 2-A](#level-2-a)
    + [Level 3-A](#level-3-a)
    + [Level 3-B](#level-3-b)
    + [Level 3-C](#level-3-c)
  * [Level 2-B](#level-2-b)
    + [Level 3-A](#level-3-a-1)
      - [Level 4-A](#level-4-a)
      - [Level 4-B](#level-4-b)
    + [Level 3-C](#level-3-c-1)
  * [Level 2-C](#level-2-c)

<!--END_SECTION:toc-->

## Level 2-A

### Level 3-A

### Level 3-B

### Level 3-C

## Level 2-B

### Level 3-A

#### Level 4-A

#### Level 4-B

### Level 3-C

## Level 2-C

"
`;

exports[`@psenger/markdown-fences injectToc should skip the block 1`] = `
"# Start

<!--START_SECTION:blaablaa-->
<!--END_SECTION:blaablaa-->

## Level 2-A

### Level 3-A

### Level 3-B

### Level 3-C

## Level 2-B

### Level 3-A

#### Level 4-A

#### Level 4-B

### Level 3-C

## Level 2-C

"
`;
